// Jest Snapshot v1, https://goo.gl/fbAQLP

exports[`Layout renders 1`] = `
ShallowWrapper {
  Symbol(enzyme.__root__): [Circular],
  Symbol(enzyme.__unrendered__): <Layout
    userRole="medic"
  />,
  Symbol(enzyme.__renderer__): Object {
    "batchedUpdates": [Function],
    "getNode": [Function],
    "render": [Function],
    "simulateError": [Function],
    "simulateEvent": [Function],
    "unmount": [Function],
  },
  Symbol(enzyme.__node__): Object {
    "instance": null,
    "key": undefined,
    "nodeType": "function",
    "props": Object {
      "children": Array [
        <SideBar
          background="#3d5170"
        />,
        <ForwardRef>
          <SearchBar
            placeholder="Buscar derechohabiente o tarea"
          />
          <ForwardRef />
        </ForwardRef>,
      ],
    },
    "ref": null,
    "rendered": Array [
      Object {
        "instance": null,
        "key": undefined,
        "nodeType": "function",
        "props": Object {
          "background": "#3d5170",
        },
        "ref": null,
        "rendered": null,
        "type": [Function],
      },
      Object {
        "instance": null,
        "key": undefined,
        "nodeType": "function",
        "props": Object {
          "children": Array [
            <SearchBar
              placeholder="Buscar derechohabiente o tarea"
            />,
            <ForwardRef />,
          ],
        },
        "ref": null,
        "rendered": Array [
          Object {
            "instance": null,
            "key": undefined,
            "nodeType": "function",
            "props": Object {
              "placeholder": "Buscar derechohabiente o tarea",
            },
            "ref": null,
            "rendered": null,
            "type": [Function],
          },
          Object {
            "instance": null,
            "key": undefined,
            "nodeType": "function",
            "props": Object {
              "children": undefined,
            },
            "ref": null,
            "rendered": null,
            "type": Object {
              "$$typeof": Symbol(react.forward_ref),
              "attrs": undefined,
              "componentStyle": ComponentStyle {
                "componentId": "Layout__MainContainer-sc-1tdk3as-1",
                "isStatic": true,
                "rules": Array [
                  "&&&{margin:0;width:100%;padding:3rem 3rem 0;}",
                ],
              },
              "displayName": "Layout__MainContainer",
              "handledProps": Array [
                "as",
                "children",
                "className",
                "content",
                "fluid",
                "text",
                "textAlign",
              ],
              "render": [Function],
              "styledComponentId": "Layout__MainContainer-sc-1tdk3as-1",
              "target": [Function],
              "toString": [Function],
              "warnTooManyClasses": [Function],
              "withComponent": [Function],
              Symbol(Symbol.hasInstance): [Function],
            },
          },
        ],
        "type": Object {
          "$$typeof": Symbol(react.forward_ref),
          "attrs": undefined,
          "componentStyle": ComponentStyle {
            "componentId": "Layout__GlobalContainer-sc-1tdk3as-0",
            "isStatic": true,
            "rules": Array [
              "&&&{margin:0;width:100%;}",
            ],
          },
          "displayName": "Layout__GlobalContainer",
          "handledProps": Array [
            "as",
            "children",
            "className",
            "content",
            "fluid",
            "text",
            "textAlign",
          ],
          "render": [Function],
          "styledComponentId": "Layout__GlobalContainer-sc-1tdk3as-0",
          "target": [Function],
          "toString": [Function],
          "warnTooManyClasses": [Function],
          "withComponent": [Function],
          Symbol(Symbol.hasInstance): [Function],
        },
      },
    ],
    "type": Symbol(react.fragment),
  },
  Symbol(enzyme.__nodes__): Array [
    Object {
      "instance": null,
      "key": undefined,
      "nodeType": "function",
      "props": Object {
        "children": Array [
          <SideBar
            background="#3d5170"
          />,
          <ForwardRef>
            <SearchBar
              placeholder="Buscar derechohabiente o tarea"
            />
            <ForwardRef />
          </ForwardRef>,
        ],
      },
      "ref": null,
      "rendered": Array [
        Object {
          "instance": null,
          "key": undefined,
          "nodeType": "function",
          "props": Object {
            "background": "#3d5170",
          },
          "ref": null,
          "rendered": null,
          "type": [Function],
        },
        Object {
          "instance": null,
          "key": undefined,
          "nodeType": "function",
          "props": Object {
            "children": Array [
              <SearchBar
                placeholder="Buscar derechohabiente o tarea"
              />,
              <ForwardRef />,
            ],
          },
          "ref": null,
          "rendered": Array [
            Object {
              "instance": null,
              "key": undefined,
              "nodeType": "function",
              "props": Object {
                "placeholder": "Buscar derechohabiente o tarea",
              },
              "ref": null,
              "rendered": null,
              "type": [Function],
            },
            Object {
              "instance": null,
              "key": undefined,
              "nodeType": "function",
              "props": Object {
                "children": undefined,
              },
              "ref": null,
              "rendered": null,
              "type": Object {
                "$$typeof": Symbol(react.forward_ref),
                "attrs": undefined,
                "componentStyle": ComponentStyle {
                  "componentId": "Layout__MainContainer-sc-1tdk3as-1",
                  "isStatic": true,
                  "rules": Array [
                    "&&&{margin:0;width:100%;padding:3rem 3rem 0;}",
                  ],
                },
                "displayName": "Layout__MainContainer",
                "handledProps": Array [
                  "as",
                  "children",
                  "className",
                  "content",
                  "fluid",
                  "text",
                  "textAlign",
                ],
                "render": [Function],
                "styledComponentId": "Layout__MainContainer-sc-1tdk3as-1",
                "target": [Function],
                "toString": [Function],
                "warnTooManyClasses": [Function],
                "withComponent": [Function],
                Symbol(Symbol.hasInstance): [Function],
              },
            },
          ],
          "type": Object {
            "$$typeof": Symbol(react.forward_ref),
            "attrs": undefined,
            "componentStyle": ComponentStyle {
              "componentId": "Layout__GlobalContainer-sc-1tdk3as-0",
              "isStatic": true,
              "rules": Array [
                "&&&{margin:0;width:100%;}",
              ],
            },
            "displayName": "Layout__GlobalContainer",
            "handledProps": Array [
              "as",
              "children",
              "className",
              "content",
              "fluid",
              "text",
              "textAlign",
            ],
            "render": [Function],
            "styledComponentId": "Layout__GlobalContainer-sc-1tdk3as-0",
            "target": [Function],
            "toString": [Function],
            "warnTooManyClasses": [Function],
            "withComponent": [Function],
            Symbol(Symbol.hasInstance): [Function],
          },
        },
      ],
      "type": Symbol(react.fragment),
    },
  ],
  Symbol(enzyme.__options__): Object {
    "adapter": ReactSixteenAdapter {
      "options": Object {
        "enableComponentDidUpdateOnSetState": true,
        "lifecycles": Object {
          "componentDidUpdate": Object {
            "onSetState": true,
          },
          "getDerivedStateFromProps": true,
          "getSnapshotBeforeUpdate": true,
          "setState": Object {
            "skipsComponentDidUpdateOnNullish": true,
          },
        },
      },
    },
  },
}
`;
