// Jest Snapshot v1, https://goo.gl/fbAQLP

exports[`Layout renders 1`] = `
ShallowWrapper {
  Symbol(enzyme.__root__): [Circular],
  Symbol(enzyme.__unrendered__): <Layout />,
  Symbol(enzyme.__renderer__): Object {
    "batchedUpdates": [Function],
    "getNode": [Function],
    "render": [Function],
    "simulateError": [Function],
    "simulateEvent": [Function],
    "unmount": [Function],
  },
  Symbol(enzyme.__node__): Object {
    "instance": null,
    "key": undefined,
    "nodeType": "function",
    "props": Object {
      "children": Array [
        <SideBar
          className="beneficiary"
        />,
        <ForwardRef>
          <SearchBar
            placeholder="Buscar tarea o servicio"
          />
          <ForwardRef />
        </ForwardRef>,
      ],
    },
    "ref": null,
    "rendered": Array [
      Object {
        "instance": null,
        "key": undefined,
        "nodeType": "class",
        "props": Object {
          "className": "beneficiary",
        },
        "ref": null,
        "rendered": null,
        "type": [Function],
      },
      Object {
        "instance": null,
        "key": undefined,
        "nodeType": "function",
        "props": Object {
          "children": Array [
            <SearchBar
              placeholder="Buscar tarea o servicio"
            />,
            <ForwardRef />,
          ],
        },
        "ref": null,
        "rendered": Array [
          Object {
            "instance": null,
            "key": undefined,
            "nodeType": "class",
            "props": Object {
              "placeholder": "Buscar tarea o servicio",
            },
            "ref": null,
            "rendered": null,
            "type": [Function],
          },
          Object {
            "instance": null,
            "key": undefined,
            "nodeType": "function",
            "props": Object {
              "children": undefined,
            },
            "ref": null,
            "rendered": null,
            "type": Object {
              "$$typeof": Symbol(react.forward_ref),
              "attrs": undefined,
              "componentStyle": ComponentStyle {
                "componentId": "styledComponents__MainContainer-qt1p37-1",
                "isStatic": true,
                "rules": Array [
                  "&&&{margin:0;width:100%;padding:3rem 3rem 0;}",
                ],
              },
              "displayName": "styledComponents__MainContainer",
              "handledProps": Array [
                "as",
                "children",
                "className",
                "content",
                "fluid",
                "text",
                "textAlign",
              ],
              "render": [Function],
              "styledComponentId": "styledComponents__MainContainer-qt1p37-1",
              "target": [Function],
              "toString": [Function],
              "warnTooManyClasses": [Function],
              "withComponent": [Function],
              Symbol(Symbol.hasInstance): [Function],
            },
          },
        ],
        "type": Object {
          "$$typeof": Symbol(react.forward_ref),
          "attrs": undefined,
          "componentStyle": ComponentStyle {
            "componentId": "styledComponents__CustomContainer-qt1p37-0",
            "isStatic": true,
            "rules": Array [
              "&&&{margin:0;padding-left:84px;width:100%;background-color:#f4f6f8;height:100vh;}",
            ],
          },
          "displayName": "styledComponents__CustomContainer",
          "render": [Function],
          "styledComponentId": "styledComponents__CustomContainer-qt1p37-0",
          "target": "div",
          "toString": [Function],
          "warnTooManyClasses": [Function],
          "withComponent": [Function],
        },
      },
    ],
    "type": Symbol(react.fragment),
  },
  Symbol(enzyme.__nodes__): Array [
    Object {
      "instance": null,
      "key": undefined,
      "nodeType": "function",
      "props": Object {
        "children": Array [
          <SideBar
            className="beneficiary"
          />,
          <ForwardRef>
            <SearchBar
              placeholder="Buscar tarea o servicio"
            />
            <ForwardRef />
          </ForwardRef>,
        ],
      },
      "ref": null,
      "rendered": Array [
        Object {
          "instance": null,
          "key": undefined,
          "nodeType": "class",
          "props": Object {
            "className": "beneficiary",
          },
          "ref": null,
          "rendered": null,
          "type": [Function],
        },
        Object {
          "instance": null,
          "key": undefined,
          "nodeType": "function",
          "props": Object {
            "children": Array [
              <SearchBar
                placeholder="Buscar tarea o servicio"
              />,
              <ForwardRef />,
            ],
          },
          "ref": null,
          "rendered": Array [
            Object {
              "instance": null,
              "key": undefined,
              "nodeType": "class",
              "props": Object {
                "placeholder": "Buscar tarea o servicio",
              },
              "ref": null,
              "rendered": null,
              "type": [Function],
            },
            Object {
              "instance": null,
              "key": undefined,
              "nodeType": "function",
              "props": Object {
                "children": undefined,
              },
              "ref": null,
              "rendered": null,
              "type": Object {
                "$$typeof": Symbol(react.forward_ref),
                "attrs": undefined,
                "componentStyle": ComponentStyle {
                  "componentId": "styledComponents__MainContainer-qt1p37-1",
                  "isStatic": true,
                  "rules": Array [
                    "&&&{margin:0;width:100%;padding:3rem 3rem 0;}",
                  ],
                },
                "displayName": "styledComponents__MainContainer",
                "handledProps": Array [
                  "as",
                  "children",
                  "className",
                  "content",
                  "fluid",
                  "text",
                  "textAlign",
                ],
                "render": [Function],
                "styledComponentId": "styledComponents__MainContainer-qt1p37-1",
                "target": [Function],
                "toString": [Function],
                "warnTooManyClasses": [Function],
                "withComponent": [Function],
                Symbol(Symbol.hasInstance): [Function],
              },
            },
          ],
          "type": Object {
            "$$typeof": Symbol(react.forward_ref),
            "attrs": undefined,
            "componentStyle": ComponentStyle {
              "componentId": "styledComponents__CustomContainer-qt1p37-0",
              "isStatic": true,
              "rules": Array [
                "&&&{margin:0;padding-left:84px;width:100%;background-color:#f4f6f8;height:100vh;}",
              ],
            },
            "displayName": "styledComponents__CustomContainer",
            "render": [Function],
            "styledComponentId": "styledComponents__CustomContainer-qt1p37-0",
            "target": "div",
            "toString": [Function],
            "warnTooManyClasses": [Function],
            "withComponent": [Function],
          },
        },
      ],
      "type": Symbol(react.fragment),
    },
  ],
  Symbol(enzyme.__options__): Object {
    "adapter": ReactSixteenAdapter {
      "options": Object {
        "enableComponentDidUpdateOnSetState": true,
        "lifecycles": Object {
          "componentDidUpdate": Object {
            "onSetState": true,
          },
          "getDerivedStateFromProps": true,
          "getSnapshotBeforeUpdate": true,
          "setState": Object {
            "skipsComponentDidUpdateOnNullish": true,
          },
        },
      },
    },
  },
}
`;
