// Jest Snapshot v1, https://goo.gl/fbAQLP

exports[`CsvList renders 1`] = `"Ninguno"`;
