// Jest Snapshot v1, https://goo.gl/fbAQLP

exports[`AppointmentListItem renders 1`] = `
<AppointmentListItem__ConsultationRow>
  <AppointmentListItem__AvatarContainer
    computer={2}
    mobile={16}
    tablet={3}
  >
    <Avatar
      src="profile.png"
    />
  </AppointmentListItem__AvatarContainer>
  <AppointmentListItem__ConsultationInfoContainer
    computer={14}
    mobile={16}
    tablet={13}
  >
    <Link
      as=""
      href=""
    >
      <a />
    </Link>
    <AppointmentInfo>
      <ValueItem
        keyName="Fecha"
        value="10 Oct, 2018"
      />
      <ValueItem
        keyName="Hora"
      />
      <ValueItem
        keyName="Ãšltima cita"
      />
    </AppointmentInfo>
  </AppointmentListItem__ConsultationInfoContainer>
</AppointmentListItem__ConsultationRow>
`;
