// Jest Snapshot v1, https://goo.gl/fbAQLP

exports[`SearchBar renders 1`] = `
ShallowWrapper {
  Symbol(enzyme.__root__): [Circular],
  Symbol(enzyme.__unrendered__): <SearchBar
    placeholder="test"
  />,
  Symbol(enzyme.__renderer__): Object {
    "batchedUpdates": [Function],
    "getNode": [Function],
    "render": [Function],
    "simulateError": [Function],
    "simulateEvent": [Function],
    "unmount": [Function],
  },
  Symbol(enzyme.__node__): Object {
    "instance": null,
    "key": undefined,
    "nodeType": "function",
    "props": Object {
      "icon": "search",
      "iconPosition": "left",
      "placeholder": "test",
    },
    "ref": null,
    "rendered": null,
    "type": Object {
      "$$typeof": Symbol(react.forward_ref),
      "attrs": undefined,
      "componentStyle": ComponentStyle {
        "componentId": "SearchBar__Searchbar-sc-16ll79n-0",
        "isStatic": true,
        "rules": Array [
          "&&&{width:100%;}&&&>input{font-size:18px;font-weight:300;border-radius:0;height:70px;border:none;box-shadow:0 4px 10px -1px #e3e5e8;-webkit-box-shadow:0 4px 10px -1px #e3e5e8;}",
        ],
      },
      "create": [Function],
      "displayName": "SearchBar__Searchbar",
      "handledProps": Array [
        "action",
        "actionPosition",
        "as",
        "children",
        "className",
        "disabled",
        "error",
        "fluid",
        "focus",
        "icon",
        "iconPosition",
        "input",
        "inverted",
        "label",
        "labelPosition",
        "loading",
        "onChange",
        "size",
        "tabIndex",
        "transparent",
        "type",
      ],
      "render": [Function],
      "styledComponentId": "SearchBar__Searchbar-sc-16ll79n-0",
      "target": [Function],
      "toString": [Function],
      "warnTooManyClasses": [Function],
      "withComponent": [Function],
      Symbol(Symbol.hasInstance): [Function],
    },
  },
  Symbol(enzyme.__nodes__): Array [
    Object {
      "instance": null,
      "key": undefined,
      "nodeType": "function",
      "props": Object {
        "icon": "search",
        "iconPosition": "left",
        "placeholder": "test",
      },
      "ref": null,
      "rendered": null,
      "type": Object {
        "$$typeof": Symbol(react.forward_ref),
        "attrs": undefined,
        "componentStyle": ComponentStyle {
          "componentId": "SearchBar__Searchbar-sc-16ll79n-0",
          "isStatic": true,
          "rules": Array [
            "&&&{width:100%;}&&&>input{font-size:18px;font-weight:300;border-radius:0;height:70px;border:none;box-shadow:0 4px 10px -1px #e3e5e8;-webkit-box-shadow:0 4px 10px -1px #e3e5e8;}",
          ],
        },
        "create": [Function],
        "displayName": "SearchBar__Searchbar",
        "handledProps": Array [
          "action",
          "actionPosition",
          "as",
          "children",
          "className",
          "disabled",
          "error",
          "fluid",
          "focus",
          "icon",
          "iconPosition",
          "input",
          "inverted",
          "label",
          "labelPosition",
          "loading",
          "onChange",
          "size",
          "tabIndex",
          "transparent",
          "type",
        ],
        "render": [Function],
        "styledComponentId": "SearchBar__Searchbar-sc-16ll79n-0",
        "target": [Function],
        "toString": [Function],
        "warnTooManyClasses": [Function],
        "withComponent": [Function],
        Symbol(Symbol.hasInstance): [Function],
      },
    },
  ],
  Symbol(enzyme.__options__): Object {
    "adapter": ReactSixteenAdapter {
      "options": Object {
        "enableComponentDidUpdateOnSetState": true,
        "lifecycles": Object {
          "componentDidUpdate": Object {
            "onSetState": true,
          },
          "getDerivedStateFromProps": true,
          "getSnapshotBeforeUpdate": true,
          "setState": Object {
            "skipsComponentDidUpdateOnNullish": true,
          },
        },
      },
    },
  },
}
`;
