// Jest Snapshot v1, https://goo.gl/fbAQLP

exports[`HealthStatus renders 1`] = `
<Fragment>
  <CustomCard
    header="Estado de Salud"
  >
    <Dropdown
      additionLabel="Add "
      additionPosition="top"
      closeOnBlur={true}
      deburr={false}
      fluid={true}
      icon="dropdown"
      minCharacters={1}
      name="healthStatus"
      noResultsMessage="No results found."
      openOnFocus={true}
      options={
        Array [
          Object {
            "text": "Regular",
            "value": 0,
          },
          Object {
            "text": "CrÃ­tico",
            "value": 1,
          },
        ]
      }
      placeholder="Seleccionar Estado"
      renderLabel={[Function]}
      searchInput="text"
      selectOnBlur={true}
      selectOnNavigation={true}
      selection={true}
      wrapSelection={true}
    />
  </CustomCard>
</Fragment>
`;
