// Jest Snapshot v1, https://goo.gl/fbAQLP

exports[`Error renders 1`] = `
<div
  name="errorMessage"
>
  error
</div>
`;
