// Jest Snapshot v1, https://goo.gl/fbAQLP

exports[`Login renders 1`] = `
<AuthenticationLayout>
  <Image
    as="img"
    src="../../static/images/login-logo.png"
    ui={true}
  />
  <Form
    as="form"
  >
    <FormInput
      as={[Function]}
      control={[Function]}
      icon="user"
      iconPosition="left"
      label="NSS o correo electrónico"
      name="username"
      onChange={[Function]}
      placeholder="NSS o jorge@ejemplo.com"
      required={true}
      value=""
    />
    <FormInput
      as={[Function]}
      autoComplete="off"
      control={[Function]}
      icon="lock"
      iconPosition="left"
      label="Contraseña"
      name="password"
      onChange={[Function]}
      placeholder="••••••••••"
      required={true}
      type="password"
      value=""
    />
    <Login__LoginButton
      onClick={[Function]}
      primary={true}
      small="true"
      type="submit"
    >
      Ingresar
    </Login__LoginButton>
  </Form>
  <Login__InfoContent>
    ¿Aún no tienes tu cuenta?
    <Link
      href="/register"
    >
      <a>
         Regístrate
      </a>
    </Link>
  </Login__InfoContent>
  <Login__InfoContent>
    <Link
      href="/recovery"
    >
      <a>
        Olvidé mi contraseña
      </a>
    </Link>
  </Login__InfoContent>
  <Login__InfoContent
    className="footer"
  >
    © Instituto Mexicano del Seguro Social. Todos los derechos reservados.
  </Login__InfoContent>
</AuthenticationLayout>
`;
